09:30:13 | INFO    | Папка данных: C:\Users\bvdov\Desktop\данные для обучения
09:30:13 | INFO    | Подканалы: Left bereg, monitor threats, Poznyaki Osokorki, Sumlike tg, Sumyregion, Tryxa, Why the anxiety
09:30:13 | INFO    |   Left bereg                     messages.html: 770 сообщений
09:30:17 | INFO    |   Left bereg                     messages10.html: 761 сообщений
09:30:20 | INFO    |   Left bereg                     messages11.html: 836 сообщений
09:30:23 | INFO    |   Left bereg                     messages12.html: 794 сообщений
09:30:26 | INFO    |   Left bereg                     messages13.html: 737 сообщений
09:30:28 | INFO    |   Left bereg                     messages14.html: 759 сообщений
09:30:31 | INFO    |   Left bereg                     messages15.html: 703 сообщений
09:30:33 | INFO    |   Left bereg                     messages16.html: 743 сообщений
09:30:36 | INFO    |   Left bereg                     messages17.html: 756 сообщений
09:30:39 | INFO    |   Left bereg                     messages18.html: 733 сообщений
09:30:42 | INFO    |   Left bereg                     messages19.html: 732 сообщений
09:30:44 | INFO    |   Left bereg                     messages2.html: 727 сообщений
09:30:47 | INFO    |   Left bereg                     messages20.html: 738 сообщений
09:30:50 | INFO    |   Left bereg                     messages21.html: 700 сообщений
09:30:53 | INFO    |   Left bereg                     messages22.html: 771 сообщений
09:30:55 | INFO    |   Left bereg                     messages23.html: 704 сообщений
09:30:57 | INFO    |   Left bereg                     messages24.html: 732 сообщений
09:31:00 | INFO    |   Left bereg                     messages25.html: 752 сообщений
09:31:03 | INFO    |   Left bereg                     messages26.html: 729 сообщений
09:31:06 | INFO    |   Left bereg                     messages27.html: 753 сообщений
09:31:09 | INFO    |   Left bereg                     messages28.html: 726 сообщений
09:31:12 | INFO    |   Left bereg                     messages29.html: 722 сообщений
09:31:14 | INFO    |   Left bereg                     messages3.html: 819 сообщений
09:31:17 | INFO    |   Left bereg                     messages30.html: 769 сообщений
09:31:20 | INFO    |   Left bereg                     messages31.html: 773 сообщений
09:31:24 | INFO    |   Left bereg                     messages32.html: 769 сообщений
09:31:28 | INFO    |   Left bereg                     messages33.html: 826 сообщений
09:31:32 | INFO    |   Left bereg                     messages34.html: 736 сообщений
09:31:35 | INFO    |   Left bereg                     messages35.html: 767 сообщений
09:31:38 | INFO    |   Left bereg                     messages36.html: 776 сообщений
09:31:41 | INFO    |   Left bereg                     messages37.html: 770 сообщений
09:31:44 | INFO    |   Left bereg                     messages38.html: 832 сообщений
09:31:47 | INFO    |   Left bereg                     messages39.html: 760 сообщений
09:31:50 | INFO    |   Left bereg                     messages4.html: 782 сообщений
09:31:53 | INFO    |   Left bereg                     messages40.html: 739 сообщений
09:31:55 | INFO    |   Left bereg                     messages41.html: 766 сообщений
09:31:58 | INFO    |   Left bereg                     messages42.html: 720 сообщений
09:32:00 | INFO    |   Left bereg                     messages43.html: 725 сообщений
09:32:03 | INFO    |   Left bereg                     messages44.html: 748 сообщений
09:32:05 | INFO    |   Left bereg                     messages45.html: 739 сообщений
09:32:08 | INFO    |   Left bereg                     messages46.html: 759 сообщений
09:32:10 | INFO    |   Left bereg                     messages47.html: 752 сообщений
09:32:12 | INFO    |   Left bereg                     messages48.html: 696 сообщений
09:32:14 | INFO    |   Left bereg                     messages49.html: 675 сообщений
09:32:17 | INFO    |   Left bereg                     messages5.html: 819 сообщений
09:32:19 | INFO    |   Left bereg                     messages50.html: 765 сообщений
09:32:22 | INFO    |   Left bereg                     messages51.html: 725 сообщений
09:32:24 | INFO    |   Left bereg                     messages52.html: 703 сообщений
09:32:27 | INFO    |   Left bereg                     messages53.html: 752 сообщений
09:32:29 | INFO    |   Left bereg                     messages54.html: 685 сообщений
09:32:31 | INFO    |   Left bereg                     messages55.html: 705 сообщений
09:32:34 | INFO    |   Left bereg                     messages56.html: 709 сообщений
09:32:36 | INFO    |   Left bereg                     messages57.html: 687 сообщений
09:32:38 | INFO    |   Left bereg                     messages58.html: 731 сообщений
09:32:41 | INFO    |   Left bereg                     messages59.html: 768 сообщений
09:32:44 | INFO    |   Left bereg                     messages6.html: 817 сообщений
09:32:48 | INFO    |   Left bereg                     messages60.html: 753 сообщений
09:32:51 | INFO    |   Left bereg                     messages61.html: 717 сообщений
09:32:53 | INFO    |   Left bereg                     messages62.html: 703 сообщений
09:32:56 | INFO    |   Left bereg                     messages63.html: 750 сообщений
09:32:59 | INFO    |   Left bereg                     messages64.html: 734 сообщений
09:33:02 | INFO    |   Left bereg                     messages65.html: 744 сообщений
09:33:05 | INFO    |   Left bereg                     messages66.html: 753 сообщений
09:33:08 | INFO    |   Left bereg                     messages67.html: 708 сообщений
09:33:11 | INFO    |   Left bereg                     messages68.html: 749 сообщений
09:33:14 | INFO    |   Left bereg                     messages69.html: 740 сообщений
09:33:20 | INFO    |   Left bereg                     messages7.html: 821 сообщений
09:33:26 | INFO    |   Left bereg                     messages70.html: 715 сообщений
09:33:32 | INFO    |   Left bereg                     messages71.html: 704 сообщений
09:33:38 | INFO    |   Left bereg                     messages72.html: 550 сообщений
09:33:43 | INFO    |   Left bereg                     messages8.html: 835 сообщений
09:33:49 | INFO    |   Left bereg                     messages9.html: 741 сообщений
09:33:54 | INFO    |   monitor threats                messages.html: 967 сообщений
09:34:12 | INFO    |   monitor threats                messages10.html: 993 сообщений
09:34:38 | INFO    |   monitor threats                messages11.html: 988 сообщений
09:35:02 | INFO    |   monitor threats                messages12.html: 986 сообщений
09:35:25 | INFO    |   monitor threats                messages13.html: 994 сообщений
09:35:49 | INFO    |   monitor threats                messages14.html: 982 сообщений
09:36:15 | INFO    |   monitor threats                messages15.html: 988 сообщений
09:36:37 | INFO    |   monitor threats                messages16.html: 987 сообщений
09:37:06 | INFO    |   monitor threats                messages17.html: 986 сообщений
09:37:27 | INFO    |   monitor threats                messages18.html: 989 сообщений
09:37:59 | INFO    |   monitor threats                messages19.html: 987 сообщений
09:38:30 | INFO    |   monitor threats                messages2.html: 994 сообщений
09:38:49 | INFO    |   monitor threats                messages20.html: 994 сообщений
09:39:07 | INFO    |   monitor threats                messages21.html: 998 сообщений
09:39:29 | INFO    |   monitor threats                messages22.html: 998 сообщений
09:39:50 | INFO    |   monitor threats                messages23.html: 988 сообщений
09:40:11 | INFO    |   monitor threats                messages24.html: 991 сообщений
09:40:29 | INFO    |   monitor threats                messages25.html: 995 сообщений
09:40:39 | INFO    |   monitor threats                messages26.html: 997 сообщений
09:40:53 | INFO    |   monitor threats                messages27.html: 996 сообщений
09:41:08 | INFO    |   monitor threats                messages28.html: 996 сообщений
09:41:30 | INFO    |   monitor threats                messages29.html: 994 сообщений
09:41:47 | INFO    |   monitor threats                messages3.html: 977 сообщений
09:42:07 | INFO    |   monitor threats                messages30.html: 997 сообщений
09:42:23 | INFO    |   monitor threats                messages31.html: 999 сообщений
09:42:42 | INFO    |   monitor threats                messages32.html: 998 сообщений
09:43:04 | INFO    |   monitor threats                messages33.html: 1000 сообщений
09:43:22 | INFO    |   monitor threats                messages34.html: 997 сообщений
09:43:45 | INFO    |   monitor threats                messages35.html: 998 сообщений
09:44:08 | INFO    |   monitor threats                messages36.html: 998 сообщений
09:44:24 | INFO    |   monitor threats                messages37.html: 1000 сообщений
09:44:49 | INFO    |   monitor threats                messages38.html: 999 сообщений
09:45:18 | INFO    |   monitor threats                messages39.html: 994 сообщений
09:45:40 | INFO    |   monitor threats                messages4.html: 958 сообщений
09:46:00 | INFO    |   monitor threats                messages40.html: 999 сообщений
09:46:31 | INFO    |   monitor threats                messages41.html: 999 сообщений
09:47:02 | INFO    |   monitor threats                messages42.html: 999 сообщений
09:47:28 | INFO    |   monitor threats                messages43.html: 1000 сообщений
09:48:02 | INFO    |   monitor threats                messages44.html: 1000 сообщений
09:48:42 | INFO    |   monitor threats                messages45.html: 999 сообщений
09:49:11 | INFO    |   monitor threats                messages46.html: 998 сообщений
09:49:49 | INFO    |   monitor threats                messages47.html: 998 сообщений
09:50:38 | INFO    |   monitor threats                messages48.html: 996 сообщений
09:51:28 | INFO    |   monitor threats                messages49.html: 999 сообщений
09:52:13 | INFO    |   monitor threats                messages5.html: 994 сообщений
09:52:38 | INFO    |   monitor threats                messages50.html: 1000 сообщений
09:53:38 | INFO    |   monitor threats                messages51.html: 998 сообщений
09:54:29 | INFO    |   monitor threats                messages52.html: 995 сообщений
09:55:14 | INFO    |   monitor threats                messages53.html: 995 сообщений
09:56:00 | INFO    |   monitor threats                messages54.html: 998 сообщений
09:56:51 | INFO    |   monitor threats                messages55.html: 999 сообщений
09:57:33 | INFO    |   monitor threats                messages56.html: 996 сообщений
09:58:19 | INFO    |   monitor threats                messages57.html: 997 сообщений
09:59:02 | INFO    |   monitor threats                messages58.html: 995 сообщений
09:59:44 | INFO    |   monitor threats                messages59.html: 996 сообщений
10:00:26 | INFO    |   monitor threats                messages6.html: 974 сообщений
10:00:51 | INFO    |   monitor threats                messages60.html: 999 сообщений
10:01:34 | INFO    |   monitor threats                messages61.html: 994 сообщений
10:02:19 | INFO    |   monitor threats                messages62.html: 998 сообщений
10:02:57 | INFO    |   monitor threats                messages63.html: 998 сообщений
10:03:31 | INFO    |   monitor threats                messages64.html: 995 сообщений
10:04:11 | INFO    |   monitor threats                messages65.html: 997 сообщений
10:04:50 | INFO    |   monitor threats                messages66.html: 998 сообщений
10:05:28 | INFO    |   monitor threats                messages67.html: 997 сообщений
10:06:12 | INFO    |   monitor threats                messages68.html: 996 сообщений
10:06:53 | INFO    |   monitor threats                messages69.html: 994 сообщений
10:07:39 | INFO    |   monitor threats                messages7.html: 973 сообщений
10:08:07 | INFO    |   monitor threats                messages70.html: 998 сообщений
10:08:51 | INFO    |   monitor threats                messages71.html: 994 сообщений
10:09:32 | INFO    |   monitor threats                messages72.html: 993 сообщений
10:10:17 | INFO    |   monitor threats                messages73.html: 995 сообщений
10:11:08 | INFO    |   monitor threats                messages74.html: 996 сообщений
10:11:59 | INFO    |   monitor threats                messages75.html: 993 сообщений
10:12:50 | INFO    |   monitor threats                messages76.html: 988 сообщений
10:13:48 | INFO    |   monitor threats                messages77.html: 993 сообщений
10:14:36 | INFO    |   monitor threats                messages78.html: 994 сообщений
10:15:31 | INFO    |   monitor threats                messages79.html: 995 сообщений
10:16:25 | INFO    |   monitor threats                messages8.html: 977 сообщений
10:16:51 | INFO    |   monitor threats                messages80.html: 993 сообщений
10:17:35 | INFO    |   monitor threats                messages81.html: 984 сообщений
10:18:14 | INFO    |   monitor threats                messages82.html: 997 сообщений
10:18:51 | INFO    |   monitor threats                messages83.html: 993 сообщений
10:19:25 | INFO    |   monitor threats                messages84.html: 998 сообщений
10:19:55 | INFO    |   monitor threats                messages85.html: 992 сообщений
10:20:25 | INFO    |   monitor threats                messages86.html: 291 сообщений
10:20:35 | INFO    |   monitor threats                messages9.html: 980 сообщений
10:21:04 | INFO    |   Poznyaki Osokorki              messages.html: 743 сообщений
10:21:13 | INFO    |   Poznyaki Osokorki              messages10.html: 621 сообщений
10:21:21 | INFO    |   Poznyaki Osokorki              messages11.html: 724 сообщений
10:21:31 | INFO    |   Poznyaki Osokorki              messages12.html: 767 сообщений
10:21:44 | INFO    |   Poznyaki Osokorki              messages13.html: 764 сообщений
10:21:54 | INFO    |   Poznyaki Osokorki              messages14.html: 808 сообщений
10:22:06 | INFO    |   Poznyaki Osokorki              messages15.html: 778 сообщений
10:22:18 | INFO    |   Poznyaki Osokorki              messages16.html: 727 сообщений
10:22:26 | INFO    |   Poznyaki Osokorki              messages17.html: 768 сообщений
10:22:34 | INFO    |   Poznyaki Osokorki              messages18.html: 783 сообщений
10:22:41 | INFO    |   Poznyaki Osokorki              messages19.html: 787 сообщений
10:22:50 | INFO    |   Poznyaki Osokorki              messages2.html: 734 сообщений
10:22:59 | INFO    |   Poznyaki Osokorki              messages20.html: 787 сообщений
10:23:09 | INFO    |   Poznyaki Osokorki              messages21.html: 779 сообщений
10:23:20 | INFO    |   Poznyaki Osokorki              messages22.html: 767 сообщений
10:23:30 | INFO    |   Poznyaki Osokorki              messages23.html: 716 сообщений
10:23:39 | INFO    |   Poznyaki Osokorki              messages24.html: 824 сообщений
10:23:49 | INFO    |   Poznyaki Osokorki              messages25.html: 794 сообщений
10:23:58 | INFO    |   Poznyaki Osokorki              messages26.html: 827 сообщений
10:24:09 | INFO    |   Poznyaki Osokorki              messages27.html: 794 сообщений
10:24:18 | INFO    |   Poznyaki Osokorki              messages28.html: 848 сообщений
10:24:29 | INFO    |   Poznyaki Osokorki              messages29.html: 778 сообщений
10:24:38 | INFO    |   Poznyaki Osokorki              messages3.html: 770 сообщений
10:24:47 | INFO    |   Poznyaki Osokorki              messages30.html: 801 сообщений
10:24:55 | INFO    |   Poznyaki Osokorki              messages31.html: 787 сообщений
10:25:02 | INFO    |   Poznyaki Osokorki              messages32.html: 760 сообщений
10:25:10 | INFO    |   Poznyaki Osokorki              messages33.html: 780 сообщений
10:25:17 | INFO    |   Poznyaki Osokorki              messages34.html: 856 сообщений
10:25:25 | INFO    |   Poznyaki Osokorki              messages35.html: 830 сообщений
10:25:33 | INFO    |   Poznyaki Osokorki              messages36.html: 723 сообщений
10:25:39 | INFO    |   Poznyaki Osokorki              messages37.html: 838 сообщений
10:25:46 | INFO    |   Poznyaki Osokorki              messages38.html: 800 сообщений
10:25:53 | INFO    |   Poznyaki Osokorki              messages39.html: 838 сообщений
10:26:00 | INFO    |   Poznyaki Osokorki              messages4.html: 689 сообщений
10:26:08 | INFO    |   Poznyaki Osokorki              messages40.html: 751 сообщений
10:26:14 | INFO    |   Poznyaki Osokorki              messages41.html: 754 сообщений
10:26:21 | INFO    |   Poznyaki Osokorki              messages42.html: 767 сообщений
10:26:28 | INFO    |   Poznyaki Osokorki              messages43.html: 658 сообщений
10:26:35 | INFO    |   Poznyaki Osokorki              messages44.html: 754 сообщений
10:26:42 | INFO    |   Poznyaki Osokorki              messages45.html: 793 сообщений
10:26:48 | INFO    |   Poznyaki Osokorki              messages46.html: 741 сообщений
10:26:54 | INFO    |   Poznyaki Osokorki              messages47.html: 698 сообщений
10:27:00 | INFO    |   Poznyaki Osokorki              messages48.html: 742 сообщений
10:27:08 | INFO    |   Poznyaki Osokorki              messages49.html: 737 сообщений
10:27:13 | INFO    |   Poznyaki Osokorki              messages5.html: 774 сообщений
10:27:25 | INFO    |   Poznyaki Osokorki              messages50.html: 703 сообщений
10:27:32 | INFO    |   Poznyaki Osokorki              messages51.html: 701 сообщений
10:27:38 | INFO    |   Poznyaki Osokorki              messages52.html: 723 сообщений
10:27:44 | INFO    |   Poznyaki Osokorki              messages53.html: 734 сообщений
10:27:51 | INFO    |   Poznyaki Osokorki              messages54.html: 690 сообщений
10:27:57 | INFO    |   Poznyaki Osokorki              messages55.html: 686 сообщений
10:28:03 | INFO    |   Poznyaki Osokorki              messages56.html: 746 сообщений
10:28:10 | INFO    |   Poznyaki Osokorki              messages57.html: 736 сообщений
10:28:17 | INFO    |   Poznyaki Osokorki              messages58.html: 459 сообщений
10:28:22 | INFO    |   Poznyaki Osokorki              messages6.html: 751 сообщений
10:28:34 | INFO    |   Poznyaki Osokorki              messages7.html: 740 сообщений
10:28:47 | INFO    |   Poznyaki Osokorki              messages8.html: 790 сообщений
10:29:00 | INFO    |   Poznyaki Osokorki              messages9.html: 725 сообщений
10:29:11 | INFO    |   Sumlike tg                     messages.html: 841 сообщений
10:29:21 | INFO    |   Sumlike tg                     messages10.html: 694 сообщений
10:29:26 | INFO    |   Sumlike tg                     messages100.html: 957 сообщений
10:29:36 | INFO    |   Sumlike tg                     messages101.html: 948 сообщений
10:29:47 | INFO    |   Sumlike tg                     messages102.html: 927 сообщений
10:29:58 | INFO    |   Sumlike tg                     messages103.html: 926 сообщений
10:30:09 | INFO    |   Sumlike tg                     messages104.html: 916 сообщений
10:30:19 | INFO    |   Sumlike tg                     messages105.html: 908 сообщений
10:30:29 | INFO    |   Sumlike tg                     messages106.html: 909 сообщений
10:30:38 | INFO    |   Sumlike tg                     messages107.html: 911 сообщений
10:30:47 | INFO    |   Sumlike tg                     messages108.html: 939 сообщений
10:30:58 | INFO    |   Sumlike tg                     messages109.html: 923 сообщений
10:31:07 | INFO    |   Sumlike tg                     messages11.html: 824 сообщений
10:31:17 | INFO    |   Sumlike tg                     messages110.html: 925 сообщений
10:31:27 | INFO    |   Sumlike tg                     messages111.html: 949 сообщений
10:31:36 | INFO    |   Sumlike tg                     messages112.html: 895 сообщений
10:31:45 | INFO    |   Sumlike tg                     messages113.html: 907 сообщений
10:31:53 | INFO    |   Sumlike tg                     messages114.html: 904 сообщений
10:32:00 | INFO    |   Sumlike tg                     messages115.html: 932 сообщений
10:32:08 | INFO    |   Sumlike tg                     messages116.html: 941 сообщений
10:32:15 | INFO    |   Sumlike tg                     messages117.html: 919 сообщений
10:32:24 | INFO    |   Sumlike tg                     messages118.html: 920 сообщений
10:32:31 | INFO    |   Sumlike tg                     messages119.html: 934 сообщений
10:32:41 | INFO    |   Sumlike tg                     messages12.html: 791 сообщений
10:32:48 | INFO    |   Sumlike tg                     messages120.html: 930 сообщений
10:32:57 | INFO    |   Sumlike tg                     messages121.html: 939 сообщений
10:33:05 | INFO    |   Sumlike tg                     messages122.html: 919 сообщений
10:33:12 | INFO    |   Sumlike tg                     messages123.html: 923 сообщений
10:33:21 | INFO    |   Sumlike tg                     messages124.html: 929 сообщений
10:33:32 | INFO    |   Sumlike tg                     messages125.html: 907 сообщений
10:33:40 | INFO    |   Sumlike tg                     messages126.html: 908 сообщений
10:33:44 | INFO    |   Sumlike tg                     messages127.html: 847 сообщений
10:33:53 | INFO    |   Sumlike tg                     messages128.html: 937 сообщений
10:34:03 | INFO    |   Sumlike tg                     messages129.html: 899 сообщений
10:34:11 | INFO    |   Sumlike tg                     messages13.html: 803 сообщений
10:34:20 | INFO    |   Sumlike tg                     messages130.html: 952 сообщений
10:34:28 | INFO    |   Sumlike tg                     messages131.html: 926 сообщений
10:34:37 | INFO    |   Sumlike tg                     messages132.html: 924 сообщений
10:34:46 | INFO    |   Sumlike tg                     messages133.html: 834 сообщений
10:34:53 | INFO    |   Sumlike tg                     messages134.html: 871 сообщений
10:35:01 | INFO    |   Sumlike tg                     messages135.html: 904 сообщений
10:35:08 | INFO    |   Sumlike tg                     messages136.html: 939 сообщений
10:35:16 | INFO    |   Sumlike tg                     messages137.html: 933 сообщений
10:35:25 | INFO    |   Sumlike tg                     messages138.html: 895 сообщений
10:35:34 | INFO    |   Sumlike tg                     messages139.html: 884 сообщений
10:35:42 | INFO    |   Sumlike tg                     messages14.html: 823 сообщений
10:35:50 | INFO    |   Sumlike tg                     messages140.html: 906 сообщений
10:35:58 | INFO    |   Sumlike tg                     messages141.html: 890 сообщений
10:36:06 | INFO    |   Sumlike tg                     messages142.html: 190 сообщений
10:36:08 | INFO    |   Sumlike tg                     messages15.html: 853 сообщений
10:36:17 | INFO    |   Sumlike tg                     messages16.html: 816 сообщений
10:36:25 | INFO    |   Sumlike tg                     messages17.html: 883 сообщений
10:36:33 | INFO    |   Sumlike tg                     messages18.html: 775 сообщений
10:36:41 | INFO    |   Sumlike tg                     messages19.html: 838 сообщений
10:36:48 | INFO    |   Sumlike tg                     messages2.html: 795 сообщений
10:36:55 | INFO    |   Sumlike tg                     messages20.html: 827 сообщений
10:37:03 | INFO    |   Sumlike tg                     messages21.html: 798 сообщений
10:37:09 | INFO    |   Sumlike tg                     messages22.html: 812 сообщений
10:37:16 | INFO    |   Sumlike tg                     messages23.html: 829 сообщений
10:37:23 | INFO    |   Sumlike tg                     messages24.html: 882 сообщений
10:37:32 | INFO    |   Sumlike tg                     messages25.html: 826 сообщений
10:37:41 | INFO    |   Sumlike tg                     messages26.html: 825 сообщений
10:37:48 | INFO    |   Sumlike tg                     messages27.html: 814 сообщений
10:37:55 | INFO    |   Sumlike tg                     messages28.html: 827 сообщений
10:38:04 | INFO    |   Sumlike tg                     messages29.html: 817 сообщений
10:38:13 | INFO    |   Sumlike tg                     messages3.html: 828 сообщений
10:38:19 | INFO    |   Sumlike tg                     messages30.html: 870 сообщений
10:38:28 | INFO    |   Sumlike tg                     messages31.html: 815 сообщений
10:38:36 | INFO    |   Sumlike tg                     messages32.html: 854 сообщений
10:38:46 | INFO    |   Sumlike tg                     messages33.html: 810 сообщений
10:38:53 | INFO    |   Sumlike tg                     messages34.html: 813 сообщений
10:38:59 | INFO    |   Sumlike tg                     messages35.html: 848 сообщений
10:39:09 | INFO    |   Sumlike tg                     messages36.html: 872 сообщений
10:39:19 | INFO    |   Sumlike tg                     messages37.html: 825 сообщений
10:39:27 | INFO    |   Sumlike tg                     messages38.html: 849 сообщений
10:39:37 | INFO    |   Sumlike tg                     messages39.html: 858 сообщений
10:39:47 | INFO    |   Sumlike tg                     messages4.html: 776 сообщений
10:39:53 | INFO    |   Sumlike tg                     messages40.html: 811 сообщений
10:40:03 | INFO    |   Sumlike tg                     messages41.html: 833 сообщений
10:40:15 | INFO    |   Sumlike tg                     messages42.html: 846 сообщений
10:40:27 | INFO    |   Sumlike tg                     messages43.html: 834 сообщений
10:40:37 | INFO    |   Sumlike tg                     messages44.html: 829 сообщений
10:40:46 | INFO    |   Sumlike tg                     messages45.html: 858 сообщений
10:40:56 | INFO    |   Sumlike tg                     messages46.html: 852 сообщений
10:41:04 | INFO    |   Sumlike tg                     messages47.html: 890 сообщений
10:41:14 | INFO    |   Sumlike tg                     messages48.html: 852 сообщений
10:41:19 | INFO    |   Sumlike tg                     messages49.html: 838 сообщений
10:41:25 | INFO    |   Sumlike tg                     messages5.html: 743 сообщений
10:41:32 | INFO    |   Sumlike tg                     messages50.html: 899 сообщений
10:41:41 | INFO    |   Sumlike tg                     messages51.html: 839 сообщений
10:41:50 | INFO    |   Sumlike tg                     messages52.html: 892 сообщений
10:41:58 | INFO    |   Sumlike tg                     messages53.html: 927 сообщений
10:42:05 | INFO    |   Sumlike tg                     messages54.html: 914 сообщений
10:42:14 | INFO    |   Sumlike tg                     messages55.html: 909 сообщений
10:42:23 | INFO    |   Sumlike tg                     messages56.html: 924 сообщений
10:42:34 | INFO    |   Sumlike tg                     messages57.html: 935 сообщений
10:42:48 | INFO    |   Sumlike tg                     messages58.html: 918 сообщений
10:43:00 | INFO    |   Sumlike tg                     messages59.html: 945 сообщений
10:43:11 | INFO    |   Sumlike tg                     messages6.html: 733 сообщений
10:43:19 | INFO    |   Sumlike tg                     messages60.html: 954 сообщений
10:43:32 | INFO    |   Sumlike tg                     messages61.html: 938 сообщений
10:43:44 | INFO    |   Sumlike tg                     messages62.html: 950 сообщений
10:43:55 | INFO    |   Sumlike tg                     messages63.html: 963 сообщений
10:44:07 | INFO    |   Sumlike tg                     messages64.html: 977 сообщений
10:44:18 | INFO    |   Sumlike tg                     messages65.html: 931 сообщений
10:44:29 | INFO    |   Sumlike tg                     messages66.html: 977 сообщений
10:44:40 | INFO    |   Sumlike tg                     messages67.html: 951 сообщений
10:44:51 | INFO    |   Sumlike tg                     messages68.html: 949 сообщений
10:45:02 | INFO    |   Sumlike tg                     messages69.html: 968 сообщений
10:45:11 | INFO    |   Sumlike tg                     messages7.html: 740 сообщений
10:45:18 | INFO    |   Sumlike tg                     messages70.html: 908 сообщений
10:45:27 | INFO    |   Sumlike tg                     messages71.html: 909 сообщений
10:45:35 | INFO    |   Sumlike tg                     messages72.html: 916 сообщений
10:45:44 | INFO    |   Sumlike tg                     messages73.html: 916 сообщений
10:45:52 | INFO    |   Sumlike tg                     messages74.html: 934 сообщений
10:46:00 | INFO    |   Sumlike tg                     messages75.html: 881 сообщений
10:46:07 | INFO    |   Sumlike tg                     messages76.html: 917 сообщений
10:46:16 | INFO    |   Sumlike tg                     messages77.html: 936 сообщений
10:46:26 | INFO    |   Sumlike tg                     messages78.html: 893 сообщений
10:46:33 | INFO    |   Sumlike tg                     messages79.html: 923 сообщений
10:46:41 | INFO    |   Sumlike tg                     messages8.html: 721 сообщений
10:46:47 | INFO    |   Sumlike tg                     messages80.html: 902 сообщений
10:46:54 | INFO    |   Sumlike tg                     messages81.html: 923 сообщений
10:47:01 | INFO    |   Sumlike tg                     messages82.html: 921 сообщений
10:47:09 | INFO    |   Sumlike tg                     messages83.html: 865 сообщений
10:47:17 | INFO    |   Sumlike tg                     messages84.html: 917 сообщений
10:47:25 | INFO    |   Sumlike tg                     messages85.html: 920 сообщений
10:47:33 | INFO    |   Sumlike tg                     messages86.html: 957 сообщений
10:47:42 | INFO    |   Sumlike tg                     messages87.html: 898 сообщений
10:47:53 | INFO    |   Sumlike tg                     messages88.html: 937 сообщений
10:48:05 | INFO    |   Sumlike tg                     messages89.html: 919 сообщений
10:48:15 | INFO    |   Sumlike tg                     messages9.html: 729 сообщений
10:48:20 | INFO    |   Sumlike tg                     messages90.html: 931 сообщений
10:48:29 | INFO    |   Sumlike tg                     messages91.html: 930 сообщений
10:48:40 | INFO    |   Sumlike tg                     messages92.html: 918 сообщений
10:48:50 | INFO    |   Sumlike tg                     messages93.html: 912 сообщений
10:48:59 | INFO    |   Sumlike tg                     messages94.html: 893 сообщений
10:49:09 | INFO    |   Sumlike tg                     messages95.html: 916 сообщений
10:49:18 | INFO    |   Sumlike tg                     messages96.html: 928 сообщений
10:49:28 | INFO    |   Sumlike tg                     messages97.html: 922 сообщений
10:49:39 | INFO    |   Sumlike tg                     messages98.html: 933 сообщений
10:49:51 | INFO    |   Sumlike tg                     messages99.html: 929 сообщений
10:50:02 | INFO    |   Sumyregion                     messages.html: 824 сообщений
10:50:13 | INFO    |   Sumyregion                     messages10.html: 855 сообщений
10:50:23 | INFO    |   Sumyregion                     messages100.html: 902 сообщений
10:50:37 | INFO    |   Sumyregion                     messages101.html: 938 сообщений
10:50:50 | INFO    |   Sumyregion                     messages102.html: 891 сообщений
10:51:05 | INFO    |   Sumyregion                     messages103.html: 879 сообщений
10:51:19 | INFO    |   Sumyregion                     messages104.html: 886 сообщений
10:51:32 | INFO    |   Sumyregion                     messages105.html: 883 сообщений
10:51:46 | INFO    |   Sumyregion                     messages106.html: 884 сообщений
10:52:02 | INFO    |   Sumyregion                     messages107.html: 890 сообщений
10:52:17 | INFO    |   Sumyregion                     messages108.html: 930 сообщений
10:52:31 | INFO    |   Sumyregion                     messages109.html: 881 сообщений
10:52:41 | INFO    |   Sumyregion                     messages11.html: 777 сообщений
10:52:48 | INFO    |   Sumyregion                     messages110.html: 888 сообщений
10:53:03 | INFO    |   Sumyregion                     messages111.html: 891 сообщений
10:53:18 | INFO    |   Sumyregion                     messages112.html: 870 сообщений
10:53:31 | INFO    |   Sumyregion                     messages113.html: 927 сообщений
10:53:44 | INFO    |   Sumyregion                     messages114.html: 879 сообщений
10:53:56 | INFO    |   Sumyregion                     messages115.html: 898 сообщений
10:54:09 | INFO    |   Sumyregion                     messages116.html: 935 сообщений
10:54:23 | INFO    |   Sumyregion                     messages117.html: 919 сообщений
10:54:36 | INFO    |   Sumyregion                     messages118.html: 885 сообщений
10:54:49 | INFO    |   Sumyregion                     messages119.html: 882 сообщений
10:55:02 | INFO    |   Sumyregion                     messages12.html: 843 сообщений
10:55:14 | INFO    |   Sumyregion                     messages120.html: 898 сообщений
10:55:25 | INFO    |   Sumyregion                     messages121.html: 864 сообщений
10:55:36 | INFO    |   Sumyregion                     messages122.html: 902 сообщений
10:55:48 | INFO    |   Sumyregion                     messages123.html: 922 сообщений
10:56:00 | INFO    |   Sumyregion                     messages124.html: 910 сообщений
10:56:09 | INFO    |   Sumyregion                     messages125.html: 857 сообщений
10:56:17 | INFO    |   Sumyregion                     messages126.html: 870 сообщений
10:56:31 | INFO    |   Sumyregion                     messages127.html: 853 сообщений
10:56:43 | INFO    |   Sumyregion                     messages128.html: 880 сообщений
10:56:55 | INFO    |   Sumyregion                     messages129.html: 843 сообщений
10:57:07 | INFO    |   Sumyregion                     messages13.html: 874 сообщений
10:57:16 | INFO    |   Sumyregion                     messages130.html: 836 сообщений
10:57:27 | INFO    |   Sumyregion                     messages131.html: 876 сообщений
10:57:41 | INFO    |   Sumyregion                     messages132.html: 834 сообщений
10:57:52 | INFO    |   Sumyregion                     messages133.html: 795 сообщений
10:58:02 | INFO    |   Sumyregion                     messages134.html: 807 сообщений
10:58:13 | INFO    |   Sumyregion                     messages135.html: 834 сообщений
10:58:23 | INFO    |   Sumyregion                     messages136.html: 908 сообщений
10:58:35 | INFO    |   Sumyregion                     messages137.html: 890 сообщений
10:58:46 | INFO    |   Sumyregion                     messages138.html: 795 сообщений
10:58:56 | INFO    |   Sumyregion                     messages139.html: 841 сообщений
10:59:06 | INFO    |   Sumyregion                     messages14.html: 882 сообщений
10:59:15 | INFO    |   Sumyregion                     messages140.html: 829 сообщений
10:59:25 | INFO    |   Sumyregion                     messages141.html: 86 сообщений
10:59:26 | INFO    |   Sumyregion                     messages15.html: 882 сообщений
10:59:36 | INFO    |   Sumyregion                     messages16.html: 856 сообщений
10:59:47 | INFO    |   Sumyregion                     messages17.html: 847 сообщений
10:59:57 | INFO    |   Sumyregion                     messages18.html: 869 сообщений
11:00:07 | INFO    |   Sumyregion                     messages19.html: 875 сообщений
11:00:18 | INFO    |   Sumyregion                     messages2.html: 811 сообщений
11:00:31 | INFO    |   Sumyregion                     messages20.html: 852 сообщений
11:00:41 | INFO    |   Sumyregion                     messages21.html: 831 сообщений
11:00:52 | INFO    |   Sumyregion                     messages22.html: 841 сообщений
11:01:03 | INFO    |   Sumyregion                     messages23.html: 874 сообщений
11:01:11 | INFO    |   Sumyregion                     messages24.html: 875 сообщений
11:01:20 | INFO    |   Sumyregion                     messages25.html: 832 сообщений
11:01:30 | INFO    |   Sumyregion                     messages26.html: 801 сообщений
11:01:40 | INFO    |   Sumyregion                     messages27.html: 782 сообщений
11:01:50 | INFO    |   Sumyregion                     messages28.html: 820 сообщений
11:02:02 | INFO    |   Sumyregion                     messages29.html: 868 сообщений
11:02:14 | INFO    |   Sumyregion                     messages3.html: 822 сообщений
11:02:26 | INFO    |   Sumyregion                     messages30.html: 808 сообщений
11:02:37 | INFO    |   Sumyregion                     messages31.html: 803 сообщений
